Index 21: No JSON
Index 56: No JSON
Index 58: No JSON
